../Core/Src/main.c:76:5:main	8	static
../Core/Src/main.c:125:6:SystemClock_Config	88	static
../Core/Src/main.c:172:13:MX_LPUART1_UART_Init	8	static
../Core/Src/main.c:219:13:MX_TIM1_Init	56	static
../Core/Src/main.c:270:13:MX_TIM2_Init	56	static
../Core/Src/main.c:319:13:MX_TIM3_Init	56	static
../Core/Src/main.c:368:13:MX_TIM4_Init	48	static
../Core/Src/main.c:425:13:MX_TIM8_Init	40	static
../Core/Src/main.c:472:13:MX_GPIO_Init	48	static
../Core/Src/main.c:518:6:Error_Handler	4	static,ignoring_inline_asm
